---
source: crates/othello-tui/tests/snapshot.rs
assertion_line: 33
expression: s
---
┌──────────────────────────────────────────────────────────────────────────────┐
│rs-othello-sim v0.1.0    [Mode: Play]    [Move 0/0]                           │
└──────────────────────────────────────────────────────────────────────────────┘
┌ Board ───────────────────────────────┐┌ Game Info ───────────────────────────┐
│    a  b  c  d  e  f  g  h            ││Black (X): 2   White (O): 2           │
│ 1  .  .  .  .  .  .  .  .            ││Side: Black (X)                       │
│ 2  .  .  .  .  .  .  .  .            ││Last: -                               │
│ 3  .  .  .  .  .  .  .  .            ││Black to move                         │
│ 4  .  .  .  O  X  .  .  .            │└──────────────────────────────────────┘
│ 5  .  .  .  X [O] .  .  .            │┌ Move History ────────────────────────┐
│ 6  .  .  .  .  .  .  .  .            ││                                      │
│ 7  .  .  .  .  .  .  .  .            ││                                      │
│ 8  .  .  .  .  .  .  .  .            ││                                      │
│                                      ││                                      │
│                                      ││                                      │
│                                      ││                                      │
│                                      │└──────────────────────────────────────┘
│                                      │┌ Players ─────────────────────────────┐
│                                      ││Black (X): Human                      │
│                                      ││White (O): Human                      │
└──────────────────────────────────────┘└──────────────────────────────────────┘
┌──────────────────────────────────────────────────────────────────────────────┐
│Keys: [hjkl/arrows] move  [Enter/Space] place  [p] pass  [q] quit             │
└──────────────────────────────────────────────────────────────────────────────┘
